
Note: No compatibility mode selected!


Circuit: * suarez dac extracted-layout qualification

Doing analysis at TEMP = 85.000000 and TNOM = 27.000000

Using SPARSE 1.3 as Direct Linear Solver

Initial Transient Solution
--------------------------

Node                                   Voltage
----                                   -------
vdd                                        1.8
refh                                       0.9
refl                                       0.2
hi                                         0.9
lo                                         0.2
out                                   0.702011
pad                                   0.701976
unused_clk                                   0
unused_ena                                   0
unused_rst_n                                 0
unused_ua_3_                                 0
unused_ua_4_                                 0
unused_ua_5_                                 0
unused_ua_6_                                 0
unused_ua_7_                                 0
unused_ui_in_3_                              0
unused_ui_in_4_                              0
unused_ui_in_5_                              0
unused_ui_in_6_                              0
unused_ui_in_7_                              0
unused_uio_in_0_                             0
unused_uio_in_1_                             0
unused_uio_in_2_                             0
unused_uio_in_3_                             0
unused_uio_in_4_                             0
unused_uio_in_5_                             0
unused_uio_in_6_                             0
unused_uio_in_7_                             0
unused_uio_oe_0_                   0.000109795
unused_uio_oe_1_                   0.000109795
unused_uio_oe_2_                   0.000109795
unused_uio_oe_3_                   0.000109795
unused_uio_oe_4_                   0.000109795
unused_uio_oe_5_                   0.000109795
unused_uio_oe_6_                   0.000109795
unused_uio_oe_7_                   0.000109795
unused_uio_out_0_                  0.000109795
unused_uio_out_1_                  0.000109795
unused_uio_out_2_                  0.000109795
unused_uio_out_3_                  0.000109795
unused_uio_out_4_                  0.000109795
unused_uio_out_5_                  0.000109795
unused_uio_out_6_                  0.000109795
unused_uio_out_7_                  0.000109795
unused_uo_out_0_                   0.000109795
unused_uo_out_1_                   0.000109795
unused_uo_out_2_                   0.000109795
unused_uo_out_3_                   0.000109795
unused_uo_out_4_                   0.000109795
unused_uo_out_5_                   0.000109795
unused_uo_out_6_                   0.000109795
unused_uo_out_7_                   0.000109795
xdut.x0.xsky130_fd_pr__res_xhigh_po_0p35.ra        0.362851
xdut.vgnd.t17                      0.000612066
xdut.rbmid                            0.364208
xdut.vgnd.t16                      0.000422113
xdut.tail.t2                           1.18007
xdut.ua[1].t4                         0.702019
xdut.mirror.t2                        0.543999
xdut.vdpwr.t16                         1.79979
xdut.hold                             0.701867
xdut.x2.a                          6.40934e-05
xdut.x2.b1                         6.40934e-05
xdut.vgnd.t4                       6.40934e-05
xdut.x3.a                          6.00123e-05
xdut.x3.b1                         6.00123e-05
xdut.vgnd.t14                      6.00123e-05
xdut.sample                           0.694151
xdut.x4.a                          5.96587e-05
xdut.x4.b1                         5.96587e-05
xdut.vgnd.t8                       5.96587e-05
xdut.x5.a                          6.54065e-05
xdut.x5.b1                         6.54065e-05
xdut.vgnd.t2                       6.54065e-05
xdut.x6.a                          6.08314e-05
xdut.x6.b1                         6.08314e-05
xdut.vgnd.t18                      6.08314e-05
xdut.hold.t0                          0.701867
xdut.s_bar.t2                          1.79978
xdut.sample.t1                        0.694151
xdut.vdpwr.t1                          1.79978
xdut.x8.a                          6.40934e-05
xdut.x8.b1                         6.40934e-05
xdut.vdpwr.t3                          1.79961
xdut.bias.t4                          0.727948
xdut.tail.t0                           1.18029
xdut.vdpwr.t2                          1.79978
xdut.sample.t2                        0.694151
xdut.l_bar.t2                          1.79978
xdut.ua[2].t1                              0.2
xdut.vdpwr.t4                          1.79978
xdut.vdpwr.t15                         1.79961
xdut.bias.t0                          0.727948
xdut.bias.t1                          0.728096
xdut.vdpwr.t14                         1.79978
xdut.x12.a                         6.48992e-05
xdut.x12.b1                        6.48992e-05
xdut.vgnd.t22                      6.48992e-05
xdut.x13.a                         6.36013e-05
xdut.x13.b1                        6.36013e-05
xdut.vgnd.t24                      6.36013e-05
xdut.sample.t0                        0.694151
xdut.h_bar.t2                          1.79978
xdut.ua[0].t0                              0.9
xdut.vdpwr.t0                          1.79978
xdut.x15.a                         6.36013e-05
xdut.x15.b1                        6.36013e-05
xdut.x16.a                         6.00123e-05
xdut.x16.b1                        6.00123e-05
xdut.x17.a                         5.96587e-05
xdut.x17.b1                        5.96587e-05
xdut.x18.a                         6.48992e-05
xdut.x18.b1                        6.48992e-05
xdut.comp                             0.550117
xdut.x19.a                            0.702014
xdut.x19.b1                           0.702014
xdut.ua[1].t2                         0.702014
xdut.vgnd.t7                       0.000396406
xdut.mirror.t0                        0.543925
xdut.mirror.t1                        0.543896
xdut.vgnd.t6                       0.000355529
xdut.x21.a                         6.02893e-05
xdut.x21.b1                        6.02893e-05
xdut.vgnd.t34                      6.02893e-05
xdut.x22.a                         6.54065e-05
xdut.x22.b1                        6.54065e-05
xdut.x23.a                         6.36013e-05
xdut.x23.b1                        6.36013e-05
xdut.x24.xsky130_fd_pr__res_xhigh_po_0p35.ra        0.726447
xdut.bias.t2                          0.727805
xdut.vgnd.t40                      0.000420967
xdut.tail.t1                           1.18007
xdut.hold.t2                          0.701867
xdut.amp.t0                           0.550191
xdut.vdpwr.t13                         1.79978
xdut.x26.a                         6.40934e-05
xdut.x26.b1                        6.40934e-05
xdut.vdpwr.t10                         1.79751
xdut.bias.t3                          0.727948
xdut.ua[1].t1                         0.704377
xdut.vdpwr.t9                           1.7998
xdut.x28.a                         6.00123e-05
xdut.x28.b1                        6.00123e-05
xdut.x29.a                         6.08314e-05
xdut.x29.b1                        6.08314e-05
xdut.x30.a                         5.96587e-05
xdut.x30.b1                        5.96587e-05
xdut.vgnd.t1                        0.00152932
xdut.amp.t3                           0.550117
xdut.ua[1].t0                         0.700797
xdut.vgnd.t0                       0.000383314
xdut.x32.a                         6.08314e-05
xdut.x32.b1                        6.08314e-05
xdut.vdpwr.t8                          1.79978
xdut.ui_in[2].t1                             0
xdut.s_bar.t0                          1.79978
xdut.vdpwr.t7                          1.79978
xdut.x34.a                         6.54065e-05
xdut.x34.b1                        6.54065e-05
xdut.x35.a                         6.00123e-05
xdut.x35.b1                        6.00123e-05
xdut.x36.xsky130_fd_pr__res_xhigh_po_0p35.ra        0.550117
xdut.amp.t1                           0.550117
xdut.vgnd.t39                      0.000419962
xdut.x37.a                         6.48992e-05
xdut.x37.b1                        6.48992e-05
xdut.vdpwr.t6                          1.79978
xdut.ui_in[1].t1                             0
xdut.l_bar.t0                          1.79978
xdut.vdpwr.t5                          1.79978
xdut.vgnd.t29                      0.000222654
xdut.ui_in[2].t2                             0
xdut.s_bar.t1                          1.79978
xdut.vgnd.t28                      0.000223457
xdut.hold.t1                          0.701867
xdut.ui_in[2].t0                             0
xdut.sample.t4                        0.694151
xdut.vgnd.t30                      0.000296439
xdut.x41.a                         6.00123e-05
xdut.x41.b1                        6.00123e-05
xdut.x42.a                         6.36013e-05
xdut.x42.b1                        6.36013e-05
xdut.vdpwr.t12                         1.79978
xdut.ui_in[0].t1                             0
xdut.h_bar.t0                          1.79978
xdut.vdpwr.t11                         1.79978
xdut.vgnd.t11                      0.000198845
xdut.ui_in[1].t2                             0
xdut.l_bar.t1                          1.79978
xdut.vgnd.t10                      0.000199229
xdut.sample.t3                        0.694151
xdut.ui_in[1].t0                             0
xdut.ua[2].t0                              0.2
xdut.vgnd.t12                      0.000271223
xdut.x46.a                         5.96587e-05
xdut.x46.b1                        5.96587e-05
xdut.x47.a                         6.02893e-05
xdut.x47.b1                        6.02893e-05
xdut.vgnd.t32                       0.00017204
xdut.ui_in[0].t2                             0
xdut.h_bar.t1                          1.79978
xdut.vgnd.t31                      0.000174703
xdut.sample.t5                        0.694151
xdut.ui_in[0].t0                             0
xdut.ua[0].t1                              0.9
xdut.vgnd.t33                      0.000248149
xdut.vgnd.t47                      0.000396432
xdut.mirror.t3                        0.543925
xdut.amp.t2                           0.550088
xdut.vgnd.t46                      0.000355538
xdut.x51.a                         6.54065e-05
xdut.x51.b1                        6.54065e-05
xdut.x52.a                         5.96587e-05
xdut.x52.b1                        5.96587e-05
xdut.x53.a                         6.40934e-05
xdut.x53.b1                        6.40934e-05
xdut.x54.a                         6.48992e-05
xdut.x54.b1                        6.48992e-05
xdut.x55.a                         5.96587e-05
xdut.x55.b1                        5.96587e-05
h                                            0
l                                            0
xdut.l_bar                             1.79978
s                                            0
xdut.amp                              0.550117
xdut.mirror                           0.543925
xdut.h_bar                             1.79978
xdut.bias                             0.727948
xdut.s_bar                             1.79978
xdut.tail                              1.18014
xdut.bias.n0                           0.72795
xdut.bias.n1                          0.727959
xdut.bias.n2                           0.72808
xdut.bias.n3                          0.727948
xdut.bias.n4                          0.727948
xdut.bias.n5                          0.727948
xdut.bias.n6                          0.727948
xdut.bias.n7                          0.727948
xdut.bias.n8                          0.727948
xdut.bias.n9                          0.727948
xdut.bias.n10                         0.727948
xdut.bias.n11                         0.727948
xdut.bias.n12                         0.727948
xdut.bias.n13                         0.727948
xdut.bias.n14                         0.727948
xdut.bias.n15                         0.727935
xdut.bias.n16                         0.727948
xdut.bias.n17                         0.727957
xdut.h_bar.n0                          1.79978
xdut.h_bar.n1                          1.79978
xdut.h_bar.n2                          1.79978
xdut.h_bar.n3                          1.79978
xdut.h_bar.n4                          1.79978
xdut.h_bar.n5                          1.79978
xdut.h_bar.n6                          1.79978
xdut.l_bar.n0                          1.79978
xdut.l_bar.n1                          1.79978
xdut.l_bar.n2                          1.79978
xdut.l_bar.n3                          1.79978
xdut.l_bar.n4                          1.79978
xdut.l_bar.n5                          1.79978
xdut.l_bar.n6                          1.79978
xdut.l_bar.n7                          1.79978
xdut.s_bar.n0                          1.79978
xdut.s_bar.n1                          1.79978
xdut.s_bar.n2                          1.79978
xdut.s_bar.n3                          1.79978
xdut.s_bar.n4                          1.79978
xdut.s_bar.n5                          1.79978
xdut.s_bar.n6                          1.79978
xdut.s_bar.n7                          1.79978
xdut.sample.n0                        0.694151
xdut.sample.n1                        0.694151
xdut.sample.n2                        0.694151
xdut.sample.n7                        0.694151
xdut.sample.n11                       0.694151
xdut.sample.n14                       0.694151
xdut.sample.n15                       0.694151
xdut.sample.n16                       0.694151
xdut.sample.n17                       0.694151
xdut.sample.n18                       0.694151
xdut.sample.n19                       0.694151
xdut.sample.n20                       0.694151
xdut.sample.n21                       0.694151
xdut.sample.n22                       0.694151
xdut.sample.n23                       0.694151
xdut.sample.n24                       0.694151
xdut.sample.n25                       0.694151
xdut.sample.n26                       0.694151
xdut.sample.n27                       0.694151
xdut.sample.n28                       0.694151
xdut.sample.n29                       0.694151
xdut.sample.n30                       0.694151
xdut.sample.n34                       0.694151
xdut.sample.n37                       0.694151
xdut.sample.n38                       0.694151
xdut.hold.n0                          0.701867
xdut.hold.n6                          0.701867
xdut.hold.n9                          0.701867
xdut.hold.n10                         0.701867
xdut.hold.n11                         0.701867
xdut.hold.n12                         0.701867
xdut.hold.n13                         0.701867
xdut.hold.n14                         0.701867
xdut.hold.n15                         0.701867
xdut.hold.n16                         0.701867
xdut.hold.n17                         0.701867
xdut.hold.n18                         0.701867
xdut.hold.n19                         0.701867
xdut.hold.n20                         0.701867
xdut.hold.n21                         0.701867
xdut.hold.n22                         0.701867
xdut.hold.n23                         0.701867
xdut.hold.n24                         0.701867
xdut.hold.n25                         0.701867
xdut.hold.n26                         0.701867
xdut.tail.n0                           1.18014
xdut.tail.n1                           1.18014
xdut.tail.n2                           1.18015
xdut.tail.n3                           1.18014
xdut.tail.n4                           1.18014
xdut.amp.n0                           0.550113
xdut.amp.n2                           0.550117
xdut.amp.n3                           0.550117
xdut.amp.n4                           0.550117
xdut.amp.n5                           0.550117
xdut.amp.n6                           0.550117
xdut.amp.n7                           0.550117
xdut.amp.n8                           0.550117
xdut.amp.n9                           0.550118
xdut.amp.n10                          0.550122
xdut.amp.n11                          0.550183
xdut.amp.n12                          0.550123
xdut.mirror.n0                        0.543925
xdut.mirror.n1                        0.543921
xdut.mirror.n3                        0.543925
xdut.mirror.n4                        0.543925
xdut.mirror.n5                        0.543925
xdut.mirror.n6                        0.543925
xdut.mirror.n7                        0.543925
xdut.mirror.n8                        0.543925
xdut.mirror.n9                        0.543925
xdut.mirror.n10                       0.543925
xdut.mirror.n11                        0.54393
xdut.mirror.n12                       0.543991
xdut.mirror.n13                       0.543931
xdut.vdpwr.n0                          1.79978
xdut.vdpwr.n1                          1.79978
xdut.vdpwr.n2                          1.79978
xdut.vdpwr.n3                          1.79978
xdut.vdpwr.n4                           1.7998
xdut.vdpwr.n9                          1.79978
xdut.vdpwr.n16                         1.79978
xdut.vdpwr.n27                         1.79978
xdut.vdpwr.n48                         1.79978
xdut.vdpwr.n51                         1.79978
xdut.vdpwr.n52                         1.79978
xdut.vdpwr.n57                         1.79978
xdut.vdpwr.n64                         1.79978
xdut.vdpwr.n75                         1.79978
xdut.vdpwr.n96                         1.79978
xdut.vdpwr.n99                         1.79978
xdut.vdpwr.n104                        1.79978
xdut.vdpwr.n111                        1.79978
xdut.vdpwr.n122                        1.79978
xdut.vdpwr.n143                        1.79978
xdut.vdpwr.n146                        1.79978
xdut.vdpwr.n152                        1.79978
xdut.vdpwr.n153                        1.79978
xdut.vdpwr.n161                        1.79978
xdut.vdpwr.n162                        1.79978
xdut.vdpwr.n166                        1.79978
xdut.vdpwr.n174                        1.79978
xdut.vdpwr.n180                        1.79978
xdut.vdpwr.n187                        1.79978
xdut.vdpwr.n193                        1.79978
xdut.vdpwr.n197                        1.79978
xdut.vdpwr.n198                        1.79978
xdut.vdpwr.n204                        1.79978
xdut.vdpwr.n205                        1.79978
xdut.vdpwr.n213                        1.79978
xdut.vdpwr.n214                        1.79978
xdut.vdpwr.n218                        1.79978
xdut.vdpwr.n226                        1.79978
xdut.vdpwr.n232                        1.79978
xdut.vdpwr.n239                        1.79978
xdut.vdpwr.n245                        1.79978
xdut.vdpwr.n249                        1.79978
xdut.vdpwr.n250                        1.79978
xdut.vdpwr.n256                        1.79978
xdut.vdpwr.n257                        1.79978
xdut.vdpwr.n265                        1.79978
xdut.vdpwr.n266                        1.79978
xdut.vdpwr.n270                        1.79978
xdut.vdpwr.n278                        1.79978
xdut.vdpwr.n284                        1.79978
xdut.vdpwr.n291                        1.79978
xdut.vdpwr.n297                        1.79978
xdut.vdpwr.n301                        1.79978
xdut.vdpwr.n306                        1.79978
xdut.vdpwr.n311                        1.79978
xdut.vdpwr.n315                        1.79978
xdut.vdpwr.n348                        1.79978
xdut.vdpwr.n354                        1.79978
xdut.vdpwr.n355                        1.79978
xdut.vdpwr.n396                        1.79978
xdut.vdpwr.n397                        1.79978
xdut.vdpwr.n398                        1.79978
xdut.vdpwr.n404                        1.79978
xdut.vdpwr.n407                        1.79978
xdut.vdpwr.n412                        1.79978
xdut.vdpwr.n417                        1.79978
xdut.vdpwr.n421                        1.79978
xdut.vdpwr.n454                        1.79978
xdut.vdpwr.n460                        1.79978
xdut.vdpwr.n461                        1.79978
xdut.vdpwr.n503                        1.79978
xdut.vdpwr.n504                        1.79978
xdut.vdpwr.n505                        1.79978
xdut.vdpwr.n511                        1.79978
xdut.vdpwr.n514                        1.79978
xdut.vdpwr.n518                        1.79978
xdut.vdpwr.n521                        1.79978
xdut.vdpwr.n528                        1.79978
xdut.vdpwr.n532                        1.79978
xdut.vdpwr.n536                        1.79978
xdut.vdpwr.n540                        1.79978
xdut.vdpwr.n544                        1.79978
xdut.vdpwr.n548                        1.79978
xdut.vdpwr.n561                        1.79978
xdut.vdpwr.n567                        1.79978
xdut.vdpwr.n573                        1.79978
xdut.vdpwr.n579                        1.79978
xdut.vdpwr.n585                        1.79978
xdut.vdpwr.n592                        1.79978
xdut.vdpwr.n599                        1.79978
xdut.vdpwr.n605                        1.79978
xdut.vdpwr.n609                        1.79979
xdut.vdpwr.n612                        1.79979
xdut.vdpwr.n619                        1.79979
xdut.vdpwr.n623                        1.79979
xdut.vdpwr.n627                        1.79979
xdut.vdpwr.n631                        1.79979
xdut.vdpwr.n635                        1.79979
xdut.vdpwr.n639                        1.79979
xdut.vdpwr.n652                        1.79979
xdut.vdpwr.n658                        1.79979
xdut.vdpwr.n664                        1.79979
xdut.vdpwr.n670                        1.79979
xdut.vdpwr.n676                        1.79979
xdut.vdpwr.n683                        1.79979
xdut.vdpwr.n690                        1.79979
xdut.vdpwr.n696                        1.79979
xdut.vdpwr.n697                        1.79979
xdut.vdpwr.n702                         1.7998
xdut.vdpwr.n707                         1.7998
xdut.vdpwr.n711                         1.7998
xdut.vdpwr.n887                         1.7998
xdut.vdpwr.n893                         1.7998
xdut.vdpwr.n894                         1.7998
xdut.vdpwr.n1079                        1.7998
xdut.vdpwr.n1080                        1.7998
xdut.vdpwr.n1081                        1.7998
xdut.vdpwr.n1087                        1.7998
xdut.vdpwr.n1090                        1.7998
xdut.ui_in[0].n0                             0
xdut.ui_in[0].n1                             0
xdut.ui_in[1].n0                             0
xdut.ui_in[1].n1                             0
xdut.ui_in[2].n0                             0
xdut.ui_in[2].n1                             0
xdut.ua[0].n0                              0.9
xdut.ua[2].n0                              0.2
xdut.ua[1].n0                         0.702019
xdut.ua[1].n1                         0.702019
xdut.ua[1].n2                         0.702014
xdut.vdpwr.n155                        1.79978
xdut.vdpwr.n184                        1.79978
xdut.vdpwr.n189                        1.79978
xdut.vdpwr.n157                        1.79978
xdut.vdpwr.n186                        1.79978
xdut.vdpwr.n207                        1.79978
xdut.vdpwr.n236                        1.79978
xdut.vdpwr.n241                        1.79978
xdut.vdpwr.n209                        1.79978
xdut.vdpwr.n238                        1.79978
xdut.vdpwr.n259                        1.79978
xdut.vdpwr.n288                        1.79978
xdut.vdpwr.n293                        1.79978
xdut.vdpwr.n261                        1.79978
xdut.vdpwr.n290                        1.79978
xdut.vdpwr.n598                        1.79978
xdut.vdpwr.n596                        1.79978
xdut.vdpwr.n594                        1.79978
xdut.vdpwr.n527                        1.79978
xdut.vdpwr.n520                        1.79978
xdut.vdpwr.n519                        1.79978
xdut.vdpwr.n560                        1.79978
xdut.vdpwr.n558                        1.79978
xdut.vdpwr.n539                        1.79978
xdut.vdpwr.n575                        1.79978
xdut.vdpwr.n535                        1.79978
xdut.vdpwr.n581                        1.79978
xdut.vdpwr.n689                        1.79979
xdut.vdpwr.n687                        1.79979
xdut.vdpwr.n685                        1.79979
xdut.vdpwr.n618                        1.79979
xdut.vdpwr.n611                        1.79979
xdut.vdpwr.n610                        1.79979
xdut.vdpwr.n651                        1.79979
xdut.vdpwr.n649                        1.79979
xdut.vdpwr.n630                        1.79979
xdut.vdpwr.n666                        1.79979
xdut.vdpwr.n626                        1.79979
xdut.vdpwr.n672                        1.79979
xdut.vdpwr.n362                        1.79978
xdut.vdpwr.n373                        1.79978
xdut.vdpwr.n304                        1.79978
xdut.vdpwr.n400                        1.79978
xdut.vdpwr.n308                        1.79978
xdut.vdpwr.n347                        1.79978
xdut.vdpwr.n345                        1.79978
xdut.vdpwr.n468                        1.79978
xdut.vdpwr.n479                        1.79978
xdut.vdpwr.n410                        1.79978
xdut.vdpwr.n414                        1.79978
xdut.vdpwr.n509                        1.79978
xdut.vdpwr.n453                        1.79978
xdut.vdpwr.n452                        1.79978
xdut.vdpwr.n160                        1.79978
xdut.vdpwr.n182                        1.79978
xdut.vdpwr.n212                        1.79978
xdut.vdpwr.n234                        1.79978
xdut.vdpwr.n264                        1.79978
xdut.vdpwr.n286                        1.79978
xdut.vdpwr.n587                        1.79978
xdut.vdpwr.n531                        1.79978
xdut.vdpwr.n678                        1.79979
xdut.vdpwr.n622                        1.79979
xdut.vdpwr.n900                         1.7998
xdut.vdpwr.n944                         1.7998
xdut.vdpwr.n700                         1.7998
xdut.vdpwr.n1082                        1.7998
xdut.vdpwr.n1084                        1.7998
xdut.vdpwr.n708                         1.7998
xdut.vdpwr.n889                         1.7998
xdut.vdpwr.n895                         1.7998
xdut.vdpwr.n897                         1.7998
xdut.vgnd.n40                       0.00041896
xdut.vgnd.n3                        0.00042116
xdut.vgnd.n48                       0.00042184
xdut.vgnd.n12                      0.000222648
xdut.vgnd.n0                       0.000355576
xdut.vgnd.n10                      0.000172034
xdut.vgnd.n9                       0.000109795
xdut.vgnd.n7                       0.000109795
xdut.vgnd.n5                       0.000109795
vs#branch                                    0
vl#branch                                    0
vh#branch                                    0
vlo#branch                         1.05531e-12
vhi#branch                        -3.95976e-13
vdd#branch                        -1.55872e-05

 Reference value :  0.00000e+00 Reference value :  1.04029e-05 Reference value :  1.68005e-05 Reference value :  2.14019e-05 Reference value :  2.58038e-05 Reference value :  3.02050e-05 Reference value :  3.66050e-05 Reference value :  4.17255e-05 Reference value :  8.06023e-05
No. of Data Rows : 3773
ngspice-46 done
