Note: Starting dynamic gmin stepping
Note: Dynamic gmin stepping completed

Note: No compatibility mode selected!


Circuit: * suarez dac extracted-layout qualification

Doing analysis at TEMP = 85.000000 and TNOM = 27.000000

Using SPARSE 1.3 as Direct Linear Solver

Initial Transient Solution
--------------------------

Node                                   Voltage
----                                   -------
vdd                                        1.8
refh                                       0.9
refl                                       0.2
hi                                         0.9
lo                                         0.2
out                                   0.698988
pad                                   0.698953
unused_clk                                   0
unused_ena                                   0
unused_rst_n                                 0
unused_ua_3_                                 0
unused_ua_4_                                 0
unused_ua_5_                                 0
unused_ua_6_                                 0
unused_ua_7_                                 0
unused_ui_in_3_                              0
unused_ui_in_4_                              0
unused_ui_in_5_                              0
unused_ui_in_6_                              0
unused_ui_in_7_                              0
unused_uio_in_0_                             0
unused_uio_in_1_                             0
unused_uio_in_2_                             0
unused_uio_in_3_                             0
unused_uio_in_4_                             0
unused_uio_in_5_                             0
unused_uio_in_6_                             0
unused_uio_in_7_                             0
unused_uio_oe_0_                   0.000106927
unused_uio_oe_1_                   0.000106927
unused_uio_oe_2_                   0.000106927
unused_uio_oe_3_                   0.000106927
unused_uio_oe_4_                   0.000106927
unused_uio_oe_5_                   0.000106927
unused_uio_oe_6_                   0.000106927
unused_uio_oe_7_                   0.000106927
unused_uio_out_0_                  0.000106927
unused_uio_out_1_                  0.000106927
unused_uio_out_2_                  0.000106927
unused_uio_out_3_                  0.000106927
unused_uio_out_4_                  0.000106927
unused_uio_out_5_                  0.000106927
unused_uio_out_6_                  0.000106927
unused_uio_out_7_                  0.000106927
unused_uo_out_0_                   0.000106927
unused_uo_out_1_                   0.000106927
unused_uo_out_2_                   0.000106927
unused_uo_out_3_                   0.000106927
unused_uo_out_4_                   0.000106927
unused_uo_out_5_                   0.000106927
unused_uo_out_6_                   0.000106927
unused_uo_out_7_                   0.000106927
xdut.x0.xsky130_fd_pr__res_xhigh_po_0p35.ra        0.347319
xdut.vgnd.t17                      0.000590874
xdut.rbmid                            0.348617
xdut.vgnd.t16                      0.000409181
xdut.tail.t2                           1.23721
xdut.ua[1].t4                         0.698996
xdut.mirror.t2                        0.565249
xdut.vdpwr.t16                          1.7998
xdut.hold                             0.698846
xdut.x2.a                          6.24191e-05
xdut.x2.b1                         6.24191e-05
xdut.vgnd.t4                       6.24191e-05
xdut.x3.a                          5.84446e-05
xdut.x3.b1                         5.84446e-05
xdut.vgnd.t14                      5.84446e-05
xdut.sample                           0.698138
xdut.x4.a                          5.81002e-05
xdut.x4.b1                         5.81002e-05
xdut.vgnd.t8                       5.81002e-05
xdut.x5.a                          6.36979e-05
xdut.x5.b1                         6.36979e-05
xdut.vgnd.t2                       6.36979e-05
xdut.x6.a                          5.92422e-05
xdut.x6.b1                         5.92422e-05
xdut.vgnd.t18                      5.92422e-05
xdut.hold.t0                          0.698846
xdut.s_bar.t2                          1.79979
xdut.sample.t1                        0.698138
xdut.vdpwr.t1                          1.79979
xdut.x8.a                          6.24191e-05
xdut.x8.b1                         6.24191e-05
xdut.vdpwr.t3                          1.79963
xdut.bias.t4                          0.696781
xdut.tail.t0                           1.23742
xdut.vdpwr.t2                          1.79979
xdut.sample.t2                        0.698138
xdut.l_bar.t2                          1.79979
xdut.ua[2].t1                              0.2
xdut.vdpwr.t4                          1.79979
xdut.vdpwr.t15                         1.79962
xdut.bias.t0                          0.696781
xdut.bias.t1                          0.696923
xdut.vdpwr.t14                         1.79979
xdut.x12.a                         6.32038e-05
xdut.x12.b1                        6.32038e-05
xdut.vgnd.t22                      6.32038e-05
xdut.x13.a                         6.19399e-05
xdut.x13.b1                        6.19399e-05
xdut.vgnd.t24                      6.19399e-05
xdut.sample.t0                        0.698138
xdut.h_bar.t2                          1.79979
xdut.ua[0].t0                              0.9
xdut.vdpwr.t0                          1.79979
xdut.x15.a                         6.19399e-05
xdut.x15.b1                        6.19399e-05
xdut.x16.a                         5.84446e-05
xdut.x16.b1                        5.84446e-05
xdut.x17.a                         5.81002e-05
xdut.x17.b1                        5.81002e-05
xdut.x18.a                         6.32038e-05
xdut.x18.b1                        6.32038e-05
xdut.comp                             0.571377
xdut.x19.a                            0.698991
xdut.x19.b1                           0.698991
xdut.ua[1].t2                         0.698991
xdut.vgnd.t7                       0.000385449
xdut.mirror.t0                        0.565179
xdut.mirror.t1                        0.565151
xdut.vgnd.t6                       0.000346398
xdut.x21.a                         5.87144e-05
xdut.x21.b1                        5.87144e-05
xdut.vgnd.t34                      5.87144e-05
xdut.x22.a                         6.36979e-05
xdut.x22.b1                        6.36979e-05
xdut.x23.a                         6.19399e-05
xdut.x23.b1                        6.19399e-05
xdut.x24.xsky130_fd_pr__res_xhigh_po_0p35.ra        0.695345
xdut.bias.t2                          0.696644
xdut.vgnd.t40                       0.00040798
xdut.tail.t1                           1.23721
xdut.hold.t2                          0.698846
xdut.amp.t0                           0.571447
xdut.vdpwr.t13                         1.79979
xdut.x26.a                         6.24191e-05
xdut.x26.b1                        6.24191e-05
xdut.vdpwr.t10                         1.79755
xdut.bias.t3                          0.696781
xdut.ua[1].t1                          0.70131
xdut.vdpwr.t9                          1.79981
xdut.x28.a                         5.84446e-05
xdut.x28.b1                        5.84446e-05
xdut.x29.a                         5.92422e-05
xdut.x29.b1                        5.92422e-05
xdut.x30.a                         5.81002e-05
xdut.x30.b1                        5.81002e-05
xdut.vgnd.t1                        0.00149819
xdut.amp.t3                           0.571377
xdut.ua[1].t0                         0.697797
xdut.vgnd.t0                       0.000373473
xdut.x32.a                         5.92422e-05
xdut.x32.b1                        5.92422e-05
xdut.vdpwr.t8                          1.79979
xdut.ui_in[2].t1                             0
xdut.s_bar.t0                          1.79979
xdut.vdpwr.t7                          1.79979
xdut.x34.a                         6.36979e-05
xdut.x34.b1                        6.36979e-05
xdut.x35.a                         5.84446e-05
xdut.x35.b1                        5.84446e-05
xdut.x36.xsky130_fd_pr__res_xhigh_po_0p35.ra        0.571377
xdut.amp.t1                           0.571377
xdut.vgnd.t39                      0.000406998
xdut.x37.a                         6.32038e-05
xdut.x37.b1                        6.32038e-05
xdut.vdpwr.t6                          1.79979
xdut.ui_in[1].t1                             0
xdut.l_bar.t0                          1.79979
xdut.vdpwr.t5                          1.79979
xdut.vgnd.t29                      0.000216833
xdut.ui_in[2].t2                             0
xdut.s_bar.t1                          1.79979
xdut.vgnd.t28                      0.000217612
xdut.hold.t1                          0.698846
xdut.ui_in[2].t0                             0
xdut.sample.t4                        0.698138
xdut.vgnd.t30                      0.000288686
xdut.x41.a                         5.84446e-05
xdut.x41.b1                        5.84446e-05
xdut.x42.a                         6.19399e-05
xdut.x42.b1                        6.19399e-05
xdut.vdpwr.t12                         1.79979
xdut.ui_in[0].t1                             0
xdut.h_bar.t0                          1.79979
xdut.vdpwr.t11                         1.79979
xdut.vgnd.t11                      0.000193646
xdut.ui_in[1].t2                             0
xdut.l_bar.t1                          1.79979
xdut.vgnd.t10                      0.000194023
xdut.sample.t3                        0.698138
xdut.ui_in[1].t0                             0
xdut.ua[2].t0                              0.2
xdut.vgnd.t12                      0.000264135
xdut.x46.a                         5.81002e-05
xdut.x46.b1                        5.81002e-05
xdut.x47.a                         5.87144e-05
xdut.x47.b1                        5.87144e-05
xdut.vgnd.t32                      0.000167541
xdut.ui_in[0].t2                             0
xdut.h_bar.t1                          1.79979
xdut.vgnd.t31                      0.000170139
xdut.sample.t5                        0.698138
xdut.ui_in[0].t0                             0
xdut.ua[0].t1                              0.9
xdut.vgnd.t33                      0.000241651
xdut.vgnd.t47                      0.000385474
xdut.mirror.t3                        0.565179
xdut.amp.t2                           0.571349
xdut.vgnd.t46                      0.000346409
xdut.x51.a                         6.36979e-05
xdut.x51.b1                        6.36979e-05
xdut.x52.a                         5.81002e-05
xdut.x52.b1                        5.81002e-05
xdut.x53.a                         6.24191e-05
xdut.x53.b1                        6.24191e-05
xdut.x54.a                         6.32038e-05
xdut.x54.b1                        6.32038e-05
xdut.x55.a                         5.81002e-05
xdut.x55.b1                        5.81002e-05
h                                            0
l                                            0
xdut.l_bar                             1.79979
s                                            0
xdut.amp                              0.571377
xdut.mirror                           0.565179
xdut.h_bar                             1.79979
xdut.bias                             0.696781
xdut.s_bar                             1.79979
xdut.tail                              1.23728
xdut.bias.n0                          0.696782
xdut.bias.n1                          0.696791
xdut.bias.n2                          0.696907
xdut.bias.n3                          0.696781
xdut.bias.n4                          0.696781
xdut.bias.n5                          0.696781
xdut.bias.n6                          0.696781
xdut.bias.n7                          0.696781
xdut.bias.n8                          0.696781
xdut.bias.n9                          0.696781
xdut.bias.n10                         0.696781
xdut.bias.n11                         0.696781
xdut.bias.n12                         0.696781
xdut.bias.n13                         0.696781
xdut.bias.n14                         0.696781
xdut.bias.n15                         0.696769
xdut.bias.n16                         0.696781
xdut.bias.n17                          0.69679
xdut.h_bar.n0                          1.79979
xdut.h_bar.n1                          1.79979
xdut.h_bar.n2                          1.79979
xdut.h_bar.n3                          1.79979
xdut.h_bar.n4                          1.79979
xdut.h_bar.n5                          1.79979
xdut.h_bar.n6                          1.79979
xdut.l_bar.n0                          1.79979
xdut.l_bar.n1                          1.79979
xdut.l_bar.n2                          1.79979
xdut.l_bar.n3                          1.79979
xdut.l_bar.n4                          1.79979
xdut.l_bar.n5                          1.79979
xdut.l_bar.n6                          1.79979
xdut.l_bar.n7                          1.79979
xdut.s_bar.n0                          1.79979
xdut.s_bar.n1                          1.79979
xdut.s_bar.n2                          1.79979
xdut.s_bar.n3                          1.79979
xdut.s_bar.n4                          1.79979
xdut.s_bar.n5                          1.79979
xdut.s_bar.n6                          1.79979
xdut.s_bar.n7                          1.79979
xdut.sample.n0                        0.698138
xdut.sample.n1                        0.698138
xdut.sample.n2                        0.698138
xdut.sample.n7                        0.698138
xdut.sample.n11                       0.698138
xdut.sample.n14                       0.698138
xdut.sample.n15                       0.698138
xdut.sample.n16                       0.698138
xdut.sample.n17                       0.698138
xdut.sample.n18                       0.698138
xdut.sample.n19                       0.698138
xdut.sample.n20                       0.698138
xdut.sample.n21                       0.698138
xdut.sample.n22                       0.698138
xdut.sample.n23                       0.698138
xdut.sample.n24                       0.698138
xdut.sample.n25                       0.698138
xdut.sample.n26                       0.698138
xdut.sample.n27                       0.698138
xdut.sample.n28                       0.698138
xdut.sample.n29                       0.698138
xdut.sample.n30                       0.698138
xdut.sample.n34                       0.698138
xdut.sample.n37                       0.698138
xdut.sample.n38                       0.698138
xdut.hold.n0                          0.698846
xdut.hold.n6                          0.698846
xdut.hold.n9                          0.698846
xdut.hold.n10                         0.698846
xdut.hold.n11                         0.698846
xdut.hold.n12                         0.698846
xdut.hold.n13                         0.698846
xdut.hold.n14                         0.698846
xdut.hold.n15                         0.698846
xdut.hold.n16                         0.698846
xdut.hold.n17                         0.698846
xdut.hold.n18                         0.698846
xdut.hold.n19                         0.698846
xdut.hold.n20                         0.698846
xdut.hold.n21                         0.698846
xdut.hold.n22                         0.698846
xdut.hold.n23                         0.698846
xdut.hold.n24                         0.698846
xdut.hold.n25                         0.698846
xdut.hold.n26                         0.698846
xdut.tail.n0                           1.23728
xdut.tail.n1                           1.23728
xdut.tail.n2                           1.23729
xdut.tail.n3                           1.23728
xdut.tail.n4                           1.23728
xdut.amp.n0                           0.571372
xdut.amp.n2                           0.571377
xdut.amp.n3                           0.571377
xdut.amp.n4                           0.571377
xdut.amp.n5                           0.571377
xdut.amp.n6                           0.571376
xdut.amp.n7                           0.571377
xdut.amp.n8                           0.571377
xdut.amp.n9                           0.571377
xdut.amp.n10                          0.571381
xdut.amp.n11                          0.571439
xdut.amp.n12                          0.571382
xdut.mirror.n0                        0.565179
xdut.mirror.n1                        0.565175
xdut.mirror.n3                        0.565179
xdut.mirror.n4                        0.565179
xdut.mirror.n5                        0.565179
xdut.mirror.n6                        0.565179
xdut.mirror.n7                        0.565179
xdut.mirror.n8                        0.565179
xdut.mirror.n9                        0.565179
xdut.mirror.n10                       0.565179
xdut.mirror.n11                       0.565183
xdut.mirror.n12                       0.565241
xdut.mirror.n13                       0.565184
xdut.vdpwr.n0                          1.79979
xdut.vdpwr.n1                          1.79979
xdut.vdpwr.n2                          1.79979
xdut.vdpwr.n3                          1.79979
xdut.vdpwr.n4                          1.79981
xdut.vdpwr.n9                          1.79979
xdut.vdpwr.n16                         1.79979
xdut.vdpwr.n27                         1.79979
xdut.vdpwr.n48                         1.79979
xdut.vdpwr.n51                         1.79979
xdut.vdpwr.n52                         1.79979
xdut.vdpwr.n57                         1.79979
xdut.vdpwr.n64                         1.79979
xdut.vdpwr.n75                         1.79979
xdut.vdpwr.n96                         1.79979
xdut.vdpwr.n99                         1.79979
xdut.vdpwr.n104                        1.79979
xdut.vdpwr.n111                        1.79979
xdut.vdpwr.n122                        1.79979
xdut.vdpwr.n143                        1.79979
xdut.vdpwr.n146                        1.79979
xdut.vdpwr.n152                        1.79979
xdut.vdpwr.n153                        1.79979
xdut.vdpwr.n161                        1.79979
xdut.vdpwr.n162                        1.79979
xdut.vdpwr.n166                        1.79979
xdut.vdpwr.n174                        1.79979
xdut.vdpwr.n180                        1.79979
xdut.vdpwr.n187                        1.79979
xdut.vdpwr.n193                        1.79979
xdut.vdpwr.n197                        1.79979
xdut.vdpwr.n198                        1.79979
xdut.vdpwr.n204                        1.79979
xdut.vdpwr.n205                        1.79979
xdut.vdpwr.n213                        1.79979
xdut.vdpwr.n214                        1.79979
xdut.vdpwr.n218                        1.79979
xdut.vdpwr.n226                        1.79979
xdut.vdpwr.n232                        1.79979
xdut.vdpwr.n239                        1.79979
xdut.vdpwr.n245                        1.79979
xdut.vdpwr.n249                        1.79979
xdut.vdpwr.n250                        1.79979
xdut.vdpwr.n256                        1.79979
xdut.vdpwr.n257                        1.79979
xdut.vdpwr.n265                        1.79979
xdut.vdpwr.n266                        1.79979
xdut.vdpwr.n270                        1.79979
xdut.vdpwr.n278                        1.79979
xdut.vdpwr.n284                        1.79979
xdut.vdpwr.n291                        1.79979
xdut.vdpwr.n297                        1.79979
xdut.vdpwr.n301                        1.79979
xdut.vdpwr.n306                        1.79979
xdut.vdpwr.n311                        1.79979
xdut.vdpwr.n315                        1.79979
xdut.vdpwr.n348                        1.79979
xdut.vdpwr.n354                        1.79979
xdut.vdpwr.n355                        1.79979
xdut.vdpwr.n396                        1.79979
xdut.vdpwr.n397                        1.79979
xdut.vdpwr.n398                        1.79979
xdut.vdpwr.n404                        1.79979
xdut.vdpwr.n407                        1.79979
xdut.vdpwr.n412                        1.79979
xdut.vdpwr.n417                        1.79979
xdut.vdpwr.n421                        1.79979
xdut.vdpwr.n454                        1.79979
xdut.vdpwr.n460                        1.79979
xdut.vdpwr.n461                        1.79979
xdut.vdpwr.n503                        1.79979
xdut.vdpwr.n504                        1.79979
xdut.vdpwr.n505                        1.79979
xdut.vdpwr.n511                        1.79979
xdut.vdpwr.n514                        1.79979
xdut.vdpwr.n518                        1.79979
xdut.vdpwr.n521                        1.79979
xdut.vdpwr.n528                        1.79979
xdut.vdpwr.n532                        1.79979
xdut.vdpwr.n536                        1.79979
xdut.vdpwr.n540                        1.79979
xdut.vdpwr.n544                        1.79979
xdut.vdpwr.n548                        1.79979
xdut.vdpwr.n561                        1.79979
xdut.vdpwr.n567                        1.79979
xdut.vdpwr.n573                        1.79979
xdut.vdpwr.n579                        1.79979
xdut.vdpwr.n585                        1.79979
xdut.vdpwr.n592                        1.79979
xdut.vdpwr.n599                        1.79979
xdut.vdpwr.n605                        1.79979
xdut.vdpwr.n609                         1.7998
xdut.vdpwr.n612                         1.7998
xdut.vdpwr.n619                         1.7998
xdut.vdpwr.n623                         1.7998
xdut.vdpwr.n627                         1.7998
xdut.vdpwr.n631                         1.7998
xdut.vdpwr.n635                         1.7998
xdut.vdpwr.n639                         1.7998
xdut.vdpwr.n652                         1.7998
xdut.vdpwr.n658                         1.7998
xdut.vdpwr.n664                         1.7998
xdut.vdpwr.n670                         1.7998
xdut.vdpwr.n676                         1.7998
xdut.vdpwr.n683                         1.7998
xdut.vdpwr.n690                         1.7998
xdut.vdpwr.n696                         1.7998
xdut.vdpwr.n697                         1.7998
xdut.vdpwr.n702                        1.79981
xdut.vdpwr.n707                        1.79981
xdut.vdpwr.n711                        1.79981
xdut.vdpwr.n887                        1.79981
xdut.vdpwr.n893                        1.79981
xdut.vdpwr.n894                        1.79981
xdut.vdpwr.n1079                       1.79981
xdut.vdpwr.n1080                       1.79981
xdut.vdpwr.n1081                       1.79981
xdut.vdpwr.n1087                       1.79981
xdut.vdpwr.n1090                       1.79981
xdut.ui_in[0].n0                             0
xdut.ui_in[0].n1                             0
xdut.ui_in[1].n0                             0
xdut.ui_in[1].n1                             0
xdut.ui_in[2].n0                             0
xdut.ui_in[2].n1                             0
xdut.ua[0].n0                              0.9
xdut.ua[2].n0                              0.2
xdut.ua[1].n0                         0.698996
xdut.ua[1].n1                         0.698996
xdut.ua[1].n2                         0.698991
xdut.vdpwr.n155                        1.79979
xdut.vdpwr.n184                        1.79979
xdut.vdpwr.n189                        1.79979
xdut.vdpwr.n157                        1.79979
xdut.vdpwr.n186                        1.79979
xdut.vdpwr.n207                        1.79979
xdut.vdpwr.n236                        1.79979
xdut.vdpwr.n241                        1.79979
xdut.vdpwr.n209                        1.79979
xdut.vdpwr.n238                        1.79979
xdut.vdpwr.n259                        1.79979
xdut.vdpwr.n288                        1.79979
xdut.vdpwr.n293                        1.79979
xdut.vdpwr.n261                        1.79979
xdut.vdpwr.n290                        1.79979
xdut.vdpwr.n598                        1.79979
xdut.vdpwr.n596                        1.79979
xdut.vdpwr.n594                        1.79979
xdut.vdpwr.n527                        1.79979
xdut.vdpwr.n520                        1.79979
xdut.vdpwr.n519                        1.79979
xdut.vdpwr.n560                        1.79979
xdut.vdpwr.n558                        1.79979
xdut.vdpwr.n539                        1.79979
xdut.vdpwr.n575                        1.79979
xdut.vdpwr.n535                        1.79979
xdut.vdpwr.n581                        1.79979
xdut.vdpwr.n689                         1.7998
xdut.vdpwr.n687                         1.7998
xdut.vdpwr.n685                         1.7998
xdut.vdpwr.n618                         1.7998
xdut.vdpwr.n611                         1.7998
xdut.vdpwr.n610                         1.7998
xdut.vdpwr.n651                         1.7998
xdut.vdpwr.n649                         1.7998
xdut.vdpwr.n630                         1.7998
xdut.vdpwr.n666                         1.7998
xdut.vdpwr.n626                         1.7998
xdut.vdpwr.n672                         1.7998
xdut.vdpwr.n362                        1.79979
xdut.vdpwr.n373                        1.79979
xdut.vdpwr.n304                        1.79979
xdut.vdpwr.n400                        1.79979
xdut.vdpwr.n308                        1.79979
xdut.vdpwr.n347                        1.79979
xdut.vdpwr.n345                        1.79979
xdut.vdpwr.n468                        1.79979
xdut.vdpwr.n479                        1.79979
xdut.vdpwr.n410                        1.79979
xdut.vdpwr.n414                        1.79979
xdut.vdpwr.n509                        1.79979
xdut.vdpwr.n453                        1.79979
xdut.vdpwr.n452                        1.79979
xdut.vdpwr.n160                        1.79979
xdut.vdpwr.n182                        1.79979
xdut.vdpwr.n212                        1.79979
xdut.vdpwr.n234                        1.79979
xdut.vdpwr.n264                        1.79979
xdut.vdpwr.n286                        1.79979
xdut.vdpwr.n587                        1.79979
xdut.vdpwr.n531                        1.79979
xdut.vdpwr.n678                         1.7998
xdut.vdpwr.n622                         1.7998
xdut.vdpwr.n900                        1.79981
xdut.vdpwr.n944                        1.79981
xdut.vdpwr.n700                        1.79981
xdut.vdpwr.n1082                       1.79981
xdut.vdpwr.n1084                       1.79981
xdut.vdpwr.n708                        1.79981
xdut.vdpwr.n889                        1.79981
xdut.vdpwr.n895                        1.79981
xdut.vdpwr.n897                        1.79981
xdut.vgnd.n40                      0.000406042
xdut.vgnd.n3                       0.000408143
xdut.vgnd.n48                      0.000408931
xdut.vgnd.n12                      0.000216832
xdut.vgnd.n0                       0.000346451
xdut.vgnd.n10                       0.00016754
xdut.vgnd.n9                       0.000106927
xdut.vgnd.n7                       0.000106927
xdut.vgnd.n5                       0.000106927
vs#branch                                    0
vl#branch                                    0
vh#branch                                    0
vlo#branch                          1.0073e-12
vhi#branch                        -4.02012e-13
vdd#branch                        -1.51815e-05

 Reference value :  0.00000e+00 Reference value :  1.04039e-05 Reference value :  1.68036e-05 Reference value :  2.34006e-05 Reference value :  2.78040e-05 Reference value :  3.24031e-05 Reference value :  3.88000e-05 Reference value :  4.70024e-05 Reference value :  8.08427e-05 Reference value :  1.14043e-04
No. of Data Rows : 3801
ngspice-46 done
