
Note: No compatibility mode selected!


Circuit: * suarez dac extracted-layout qualification

Doing analysis at TEMP = -40.000000 and TNOM = 27.000000

Using SPARSE 1.3 as Direct Linear Solver

Initial Transient Solution
--------------------------

Node                                   Voltage
----                                   -------
vdd                                       1.62
refh                                       0.9
refl                                       0.2
hi                                         0.9
lo                                         0.2
out                                   0.199975
pad                                   0.199965
unused_clk                                   0
unused_ena                                   0
unused_rst_n                                 0
unused_ua_3_                                 0
unused_ua_4_                                 0
unused_ua_5_                                 0
unused_ua_6_                                 0
unused_ua_7_                                 0
unused_ui_in_3_                              0
unused_ui_in_4_                              0
unused_ui_in_5_                              0
unused_ui_in_6_                              0
unused_ui_in_7_                              0
unused_uio_in_0_                             0
unused_uio_in_1_                             0
unused_uio_in_2_                             0
unused_uio_in_3_                             0
unused_uio_in_4_                             0
unused_uio_in_5_                             0
unused_uio_in_6_                             0
unused_uio_in_7_                             0
unused_uio_oe_0_                     4.505e-05
unused_uio_oe_1_                     4.505e-05
unused_uio_oe_2_                     4.505e-05
unused_uio_oe_3_                     4.505e-05
unused_uio_oe_4_                     4.505e-05
unused_uio_oe_5_                     4.505e-05
unused_uio_oe_6_                     4.505e-05
unused_uio_oe_7_                     4.505e-05
unused_uio_out_0_                    4.505e-05
unused_uio_out_1_                    4.505e-05
unused_uio_out_2_                    4.505e-05
unused_uio_out_3_                    4.505e-05
unused_uio_out_4_                    4.505e-05
unused_uio_out_5_                    4.505e-05
unused_uio_out_6_                    4.505e-05
unused_uio_out_7_                    4.505e-05
unused_uo_out_0_                     4.505e-05
unused_uo_out_1_                     4.505e-05
unused_uo_out_2_                     4.505e-05
unused_uo_out_3_                     4.505e-05
unused_uo_out_4_                     4.505e-05
unused_uo_out_5_                     4.505e-05
unused_uo_out_6_                     4.505e-05
unused_uo_out_7_                     4.505e-05
xdut.x0.xsky130_fd_pr__res_xhigh_po_0p35.ra        0.186356
xdut.vgnd.t17                       0.00025642
xdut.rbmid                            0.186932
xdut.vgnd.t16                      0.000175134
xdut.tail.t2                           1.00486
xdut.ua[1].t4                         0.199978
xdut.mirror.t2                        0.639174
xdut.vdpwr.t16                         1.61991
xdut.hold                                  0.2
xdut.x2.a                          2.62983e-05
xdut.x2.b1                         2.62983e-05
xdut.vgnd.t4                       2.62983e-05
xdut.x3.a                          2.46237e-05
xdut.x3.b1                         2.46237e-05
xdut.vgnd.t14                      2.46237e-05
xdut.sample                           0.810122
xdut.x4.a                          2.44786e-05
xdut.x4.b1                         2.44786e-05
xdut.vgnd.t8                       2.44786e-05
xdut.x5.a                           2.6837e-05
xdut.x5.b1                          2.6837e-05
xdut.vgnd.t2                        2.6837e-05
xdut.x6.a                          2.49598e-05
xdut.x6.b1                         2.49598e-05
xdut.vgnd.t18                      2.49598e-05
xdut.hold.t0                               0.2
xdut.s_bar.t2                          1.61991
xdut.sample.t1                        0.810122
xdut.vdpwr.t1                          1.61991
xdut.x8.a                          2.62983e-05
xdut.x8.b1                         2.62983e-05
xdut.vdpwr.t3                          1.61984
xdut.bias.t4                          0.373668
xdut.tail.t0                           1.00495
xdut.vdpwr.t2                          1.61991
xdut.sample.t2                        0.810122
xdut.l_bar.t2                          1.61991
xdut.ua[2].t1                              0.2
xdut.vdpwr.t4                          1.61991
xdut.vdpwr.t15                         1.61984
xdut.bias.t0                          0.373668
xdut.bias.t1                          0.373732
xdut.vdpwr.t14                         1.61991
xdut.x12.a                         2.66289e-05
xdut.x12.b1                        2.66289e-05
xdut.vgnd.t22                      2.66289e-05
xdut.x13.a                         2.60963e-05
xdut.x13.b1                        2.60963e-05
xdut.vgnd.t24                      2.60963e-05
xdut.sample.t0                        0.810122
xdut.h_bar.t2                          1.61991
xdut.ua[0].t0                              0.9
xdut.vdpwr.t0                          1.61991
xdut.x15.a                         2.60963e-05
xdut.x15.b1                        2.60963e-05
xdut.x16.a                         2.46237e-05
xdut.x16.b1                        2.46237e-05
xdut.x17.a                         2.44786e-05
xdut.x17.b1                        2.44786e-05
xdut.x18.a                         2.66289e-05
xdut.x18.b1                        2.66289e-05
xdut.comp                             0.638457
xdut.x19.a                            0.199976
xdut.x19.b1                           0.199976
xdut.ua[1].t2                         0.199976
xdut.vgnd.t7                       0.000163134
xdut.mirror.t0                        0.639143
xdut.mirror.t1                         0.63913
xdut.vgnd.t6                        0.00014572
xdut.x21.a                         2.47374e-05
xdut.x21.b1                        2.47374e-05
xdut.vgnd.t34                      2.47374e-05
xdut.x22.a                          2.6837e-05
xdut.x22.b1                         2.6837e-05
xdut.x23.a                         2.60963e-05
xdut.x23.b1                        2.60963e-05
xdut.x24.xsky130_fd_pr__res_xhigh_po_0p35.ra        0.373032
xdut.bias.t2                          0.373607
xdut.vgnd.t40                      0.000174749
xdut.tail.t1                           1.00486
xdut.hold.t2                               0.2
xdut.amp.t0                           0.638488
xdut.vdpwr.t13                         1.61991
xdut.x26.a                         2.62983e-05
xdut.x26.b1                        2.62983e-05
xdut.vdpwr.t10                         1.61899
xdut.bias.t3                          0.373668
xdut.ua[1].t1                         0.200927
xdut.vdpwr.t9                          1.61992
xdut.x28.a                         2.46237e-05
xdut.x28.b1                        2.46237e-05
xdut.x29.a                         2.49598e-05
xdut.x29.b1                        2.49598e-05
xdut.x30.a                         2.44786e-05
xdut.x30.b1                        2.44786e-05
xdut.vgnd.t1                       0.000619371
xdut.amp.t3                           0.638457
xdut.ua[1].t0                         0.199484
xdut.vgnd.t0                       0.000157121
xdut.x32.a                         2.49598e-05
xdut.x32.b1                        2.49598e-05
xdut.vdpwr.t8                          1.61991
xdut.ui_in[2].t1                             0
xdut.s_bar.t0                          1.61991
xdut.vdpwr.t7                          1.61991
xdut.x34.a                          2.6837e-05
xdut.x34.b1                         2.6837e-05
xdut.x35.a                         2.46237e-05
xdut.x35.b1                        2.46237e-05
xdut.x36.xsky130_fd_pr__res_xhigh_po_0p35.ra        0.638457
xdut.amp.t1                           0.638457
xdut.vgnd.t39                      0.000174339
xdut.x37.a                         2.66289e-05
xdut.x37.b1                        2.66289e-05
xdut.vdpwr.t6                          1.61991
xdut.ui_in[1].t1                             0
xdut.l_bar.t0                          1.61991
xdut.vdpwr.t5                          1.61991
xdut.vgnd.t29                      9.13552e-05
xdut.ui_in[2].t2                             0
xdut.s_bar.t1                          1.61991
xdut.vgnd.t28                      9.16954e-05
xdut.hold.t1                               0.2
xdut.ui_in[2].t0                             0
xdut.sample.t4                        0.810122
xdut.vgnd.t30                      0.000121644
xdut.x41.a                         2.46237e-05
xdut.x41.b1                        2.46237e-05
xdut.x42.a                         2.60963e-05
xdut.x42.b1                        2.60963e-05
xdut.vdpwr.t12                         1.61991
xdut.ui_in[0].t1                             0
xdut.h_bar.t0                          1.61991
xdut.vdpwr.t11                         1.61991
xdut.vgnd.t11                      8.15863e-05
xdut.ui_in[1].t2                             0
xdut.l_bar.t1                          1.61991
xdut.vgnd.t10                      8.17473e-05
xdut.sample.t3                        0.810122
xdut.ui_in[1].t0                             0
xdut.ua[2].t0                              0.2
xdut.vgnd.t12                       0.00011129
xdut.x46.a                         2.44786e-05
xdut.x46.b1                        2.44786e-05
xdut.x47.a                         2.47374e-05
xdut.x47.b1                        2.47374e-05
xdut.vgnd.t32                      7.05876e-05
xdut.ui_in[0].t2                             0
xdut.h_bar.t1                          1.61991
xdut.vgnd.t31                      7.16828e-05
xdut.sample.t5                        0.810122
xdut.ui_in[0].t0                             0
xdut.ua[0].t1                              0.9
xdut.vgnd.t33                      0.000101835
xdut.vgnd.t47                      0.000163132
xdut.mirror.t3                        0.639143
xdut.amp.t2                           0.638445
xdut.vgnd.t46                      0.000145723
xdut.x51.a                          2.6837e-05
xdut.x51.b1                         2.6837e-05
xdut.x52.a                         2.44786e-05
xdut.x52.b1                        2.44786e-05
xdut.x53.a                         2.62983e-05
xdut.x53.b1                        2.62983e-05
xdut.x54.a                         2.66289e-05
xdut.x54.b1                        2.66289e-05
xdut.x55.a                         2.44786e-05
xdut.x55.b1                        2.44786e-05
h                                            0
l                                            0
xdut.l_bar                             1.61991
s                                            0
xdut.amp                              0.638457
xdut.mirror                           0.639143
xdut.h_bar                             1.61991
xdut.bias                             0.373668
xdut.s_bar                             1.61991
xdut.tail                              1.00489
xdut.bias.n0                          0.373669
xdut.bias.n1                          0.373673
xdut.bias.n2                          0.373725
xdut.bias.n3                          0.373668
xdut.bias.n4                          0.373668
xdut.bias.n5                          0.373668
xdut.bias.n6                          0.373668
xdut.bias.n7                          0.373668
xdut.bias.n8                          0.373668
xdut.bias.n9                          0.373668
xdut.bias.n10                         0.373668
xdut.bias.n11                         0.373668
xdut.bias.n12                         0.373668
xdut.bias.n13                         0.373668
xdut.bias.n14                         0.373668
xdut.bias.n15                         0.373663
xdut.bias.n16                         0.373668
xdut.bias.n17                         0.373672
xdut.h_bar.n0                          1.61991
xdut.h_bar.n1                          1.61991
xdut.h_bar.n2                          1.61991
xdut.h_bar.n3                          1.61991
xdut.h_bar.n4                          1.61991
xdut.h_bar.n5                          1.61991
xdut.h_bar.n6                          1.61991
xdut.l_bar.n0                          1.61991
xdut.l_bar.n1                          1.61991
xdut.l_bar.n2                          1.61991
xdut.l_bar.n3                          1.61991
xdut.l_bar.n4                          1.61991
xdut.l_bar.n5                          1.61991
xdut.l_bar.n6                          1.61991
xdut.l_bar.n7                          1.61991
xdut.s_bar.n0                          1.61991
xdut.s_bar.n1                          1.61991
xdut.s_bar.n2                          1.61991
xdut.s_bar.n3                          1.61991
xdut.s_bar.n4                          1.61991
xdut.s_bar.n5                          1.61991
xdut.s_bar.n6                          1.61991
xdut.s_bar.n7                          1.61991
xdut.sample.n0                        0.810122
xdut.sample.n1                        0.810122
xdut.sample.n2                        0.810122
xdut.sample.n7                        0.810122
xdut.sample.n11                       0.810122
xdut.sample.n14                       0.810122
xdut.sample.n15                       0.810122
xdut.sample.n16                       0.810122
xdut.sample.n17                       0.810122
xdut.sample.n18                       0.810122
xdut.sample.n19                       0.810122
xdut.sample.n20                       0.810122
xdut.sample.n21                       0.810122
xdut.sample.n22                       0.810122
xdut.sample.n23                       0.810122
xdut.sample.n24                       0.810122
xdut.sample.n25                       0.810122
xdut.sample.n26                       0.810122
xdut.sample.n27                       0.810122
xdut.sample.n28                       0.810122
xdut.sample.n29                       0.810122
xdut.sample.n30                       0.810122
xdut.sample.n34                       0.810122
xdut.sample.n37                       0.810122
xdut.sample.n38                       0.810122
xdut.hold.n0                               0.2
xdut.hold.n6                               0.2
xdut.hold.n9                               0.2
xdut.hold.n10                              0.2
xdut.hold.n11                              0.2
xdut.hold.n12                              0.2
xdut.hold.n13                              0.2
xdut.hold.n14                              0.2
xdut.hold.n15                              0.2
xdut.hold.n16                              0.2
xdut.hold.n17                              0.2
xdut.hold.n18                              0.2
xdut.hold.n19                              0.2
xdut.hold.n20                              0.2
xdut.hold.n21                              0.2
xdut.hold.n22                              0.2
xdut.hold.n23                              0.2
xdut.hold.n24                              0.2
xdut.hold.n25                              0.2
xdut.hold.n26                              0.2
xdut.tail.n0                           1.00489
xdut.tail.n1                           1.00489
xdut.tail.n2                            1.0049
xdut.tail.n3                           1.00489
xdut.tail.n4                           1.00489
xdut.amp.n0                           0.638455
xdut.amp.n2                           0.638457
xdut.amp.n3                           0.638457
xdut.amp.n4                           0.638457
xdut.amp.n5                           0.638457
xdut.amp.n6                           0.638457
xdut.amp.n7                           0.638457
xdut.amp.n8                           0.638457
xdut.amp.n9                           0.638457
xdut.amp.n10                          0.638459
xdut.amp.n11                          0.638485
xdut.amp.n12                          0.638459
xdut.mirror.n0                        0.639143
xdut.mirror.n1                        0.639141
xdut.mirror.n3                        0.639143
xdut.mirror.n4                        0.639143
xdut.mirror.n5                        0.639143
xdut.mirror.n6                        0.639143
xdut.mirror.n7                        0.639143
xdut.mirror.n8                        0.639143
xdut.mirror.n9                        0.639143
xdut.mirror.n10                       0.639143
xdut.mirror.n11                       0.639145
xdut.mirror.n12                        0.63917
xdut.mirror.n13                       0.639145
xdut.vdpwr.n0                          1.61991
xdut.vdpwr.n1                          1.61991
xdut.vdpwr.n2                          1.61991
xdut.vdpwr.n3                          1.61991
xdut.vdpwr.n4                          1.61992
xdut.vdpwr.n9                          1.61991
xdut.vdpwr.n16                         1.61991
xdut.vdpwr.n27                         1.61991
xdut.vdpwr.n48                         1.61991
xdut.vdpwr.n51                         1.61991
xdut.vdpwr.n52                         1.61991
xdut.vdpwr.n57                         1.61991
xdut.vdpwr.n64                         1.61991
xdut.vdpwr.n75                         1.61991
xdut.vdpwr.n96                         1.61991
xdut.vdpwr.n99                         1.61991
xdut.vdpwr.n104                        1.61991
xdut.vdpwr.n111                        1.61991
xdut.vdpwr.n122                        1.61991
xdut.vdpwr.n143                        1.61991
xdut.vdpwr.n146                        1.61991
xdut.vdpwr.n152                        1.61991
xdut.vdpwr.n153                        1.61991
xdut.vdpwr.n161                        1.61991
xdut.vdpwr.n162                        1.61991
xdut.vdpwr.n166                        1.61991
xdut.vdpwr.n174                        1.61991
xdut.vdpwr.n180                        1.61991
xdut.vdpwr.n187                        1.61991
xdut.vdpwr.n193                        1.61991
xdut.vdpwr.n197                        1.61991
xdut.vdpwr.n198                        1.61991
xdut.vdpwr.n204                        1.61991
xdut.vdpwr.n205                        1.61991
xdut.vdpwr.n213                        1.61991
xdut.vdpwr.n214                        1.61991
xdut.vdpwr.n218                        1.61991
xdut.vdpwr.n226                        1.61991
xdut.vdpwr.n232                        1.61991
xdut.vdpwr.n239                        1.61991
xdut.vdpwr.n245                        1.61991
xdut.vdpwr.n249                        1.61991
xdut.vdpwr.n250                        1.61991
xdut.vdpwr.n256                        1.61991
xdut.vdpwr.n257                        1.61991
xdut.vdpwr.n265                        1.61991
xdut.vdpwr.n266                        1.61991
xdut.vdpwr.n270                        1.61991
xdut.vdpwr.n278                        1.61991
xdut.vdpwr.n284                        1.61991
xdut.vdpwr.n291                        1.61991
xdut.vdpwr.n297                        1.61991
xdut.vdpwr.n301                        1.61991
xdut.vdpwr.n306                        1.61991
xdut.vdpwr.n311                        1.61991
xdut.vdpwr.n315                        1.61991
xdut.vdpwr.n348                        1.61991
xdut.vdpwr.n354                        1.61991
xdut.vdpwr.n355                        1.61991
xdut.vdpwr.n396                        1.61991
xdut.vdpwr.n397                        1.61991
xdut.vdpwr.n398                        1.61991
xdut.vdpwr.n404                        1.61991
xdut.vdpwr.n407                        1.61991
xdut.vdpwr.n412                        1.61991
xdut.vdpwr.n417                        1.61991
xdut.vdpwr.n421                        1.61991
xdut.vdpwr.n454                        1.61991
xdut.vdpwr.n460                        1.61991
xdut.vdpwr.n461                        1.61991
xdut.vdpwr.n503                        1.61991
xdut.vdpwr.n504                        1.61991
xdut.vdpwr.n505                        1.61991
xdut.vdpwr.n511                        1.61991
xdut.vdpwr.n514                        1.61991
xdut.vdpwr.n518                        1.61991
xdut.vdpwr.n521                        1.61991
xdut.vdpwr.n528                        1.61991
xdut.vdpwr.n532                        1.61991
xdut.vdpwr.n536                        1.61991
xdut.vdpwr.n540                        1.61991
xdut.vdpwr.n544                        1.61991
xdut.vdpwr.n548                        1.61991
xdut.vdpwr.n561                        1.61991
xdut.vdpwr.n567                        1.61991
xdut.vdpwr.n573                        1.61991
xdut.vdpwr.n579                        1.61991
xdut.vdpwr.n585                        1.61991
xdut.vdpwr.n592                        1.61991
xdut.vdpwr.n599                        1.61991
xdut.vdpwr.n605                        1.61991
xdut.vdpwr.n609                        1.61991
xdut.vdpwr.n612                        1.61991
xdut.vdpwr.n619                        1.61991
xdut.vdpwr.n623                        1.61991
xdut.vdpwr.n627                        1.61991
xdut.vdpwr.n631                        1.61991
xdut.vdpwr.n635                        1.61991
xdut.vdpwr.n639                        1.61991
xdut.vdpwr.n652                        1.61991
xdut.vdpwr.n658                        1.61991
xdut.vdpwr.n664                        1.61991
xdut.vdpwr.n670                        1.61991
xdut.vdpwr.n676                        1.61991
xdut.vdpwr.n683                        1.61991
xdut.vdpwr.n690                        1.61991
xdut.vdpwr.n696                        1.61991
xdut.vdpwr.n697                        1.61991
xdut.vdpwr.n702                        1.61992
xdut.vdpwr.n707                        1.61992
xdut.vdpwr.n711                        1.61992
xdut.vdpwr.n887                        1.61992
xdut.vdpwr.n893                        1.61992
xdut.vdpwr.n894                        1.61992
xdut.vdpwr.n1079                       1.61992
xdut.vdpwr.n1080                       1.61992
xdut.vdpwr.n1081                       1.61992
xdut.vdpwr.n1087                       1.61992
xdut.vdpwr.n1090                       1.61992
xdut.ui_in[0].n0                             0
xdut.ui_in[0].n1                             0
xdut.ui_in[1].n0                             0
xdut.ui_in[1].n1                             0
xdut.ui_in[2].n0                             0
xdut.ui_in[2].n1                             0
xdut.ua[0].n0                              0.9
xdut.ua[2].n0                              0.2
xdut.ua[1].n0                         0.199978
xdut.ua[1].n1                         0.199978
xdut.ua[1].n2                         0.199976
xdut.vdpwr.n155                        1.61991
xdut.vdpwr.n184                        1.61991
xdut.vdpwr.n189                        1.61991
xdut.vdpwr.n157                        1.61991
xdut.vdpwr.n186                        1.61991
xdut.vdpwr.n207                        1.61991
xdut.vdpwr.n236                        1.61991
xdut.vdpwr.n241                        1.61991
xdut.vdpwr.n209                        1.61991
xdut.vdpwr.n238                        1.61991
xdut.vdpwr.n259                        1.61991
xdut.vdpwr.n288                        1.61991
xdut.vdpwr.n293                        1.61991
xdut.vdpwr.n261                        1.61991
xdut.vdpwr.n290                        1.61991
xdut.vdpwr.n598                        1.61991
xdut.vdpwr.n596                        1.61991
xdut.vdpwr.n594                        1.61991
xdut.vdpwr.n527                        1.61991
xdut.vdpwr.n520                        1.61991
xdut.vdpwr.n519                        1.61991
xdut.vdpwr.n560                        1.61991
xdut.vdpwr.n558                        1.61991
xdut.vdpwr.n539                        1.61991
xdut.vdpwr.n575                        1.61991
xdut.vdpwr.n535                        1.61991
xdut.vdpwr.n581                        1.61991
xdut.vdpwr.n689                        1.61991
xdut.vdpwr.n687                        1.61991
xdut.vdpwr.n685                        1.61991
xdut.vdpwr.n618                        1.61991
xdut.vdpwr.n611                        1.61991
xdut.vdpwr.n610                        1.61991
xdut.vdpwr.n651                        1.61991
xdut.vdpwr.n649                        1.61991
xdut.vdpwr.n630                        1.61991
xdut.vdpwr.n666                        1.61991
xdut.vdpwr.n626                        1.61991
xdut.vdpwr.n672                        1.61991
xdut.vdpwr.n362                        1.61991
xdut.vdpwr.n373                        1.61991
xdut.vdpwr.n304                        1.61991
xdut.vdpwr.n400                        1.61991
xdut.vdpwr.n308                        1.61991
xdut.vdpwr.n347                        1.61991
xdut.vdpwr.n345                        1.61991
xdut.vdpwr.n468                        1.61991
xdut.vdpwr.n479                        1.61991
xdut.vdpwr.n410                        1.61991
xdut.vdpwr.n414                        1.61991
xdut.vdpwr.n509                        1.61991
xdut.vdpwr.n453                        1.61991
xdut.vdpwr.n452                        1.61991
xdut.vdpwr.n160                        1.61991
xdut.vdpwr.n182                        1.61991
xdut.vdpwr.n212                        1.61991
xdut.vdpwr.n234                        1.61991
xdut.vdpwr.n264                        1.61991
xdut.vdpwr.n286                        1.61991
xdut.vdpwr.n587                        1.61991
xdut.vdpwr.n531                        1.61991
xdut.vdpwr.n678                        1.61991
xdut.vdpwr.n622                        1.61991
xdut.vdpwr.n900                        1.61992
xdut.vdpwr.n944                        1.61992
xdut.vdpwr.n700                        1.61992
xdut.vdpwr.n1082                       1.61992
xdut.vdpwr.n1084                       1.61992
xdut.vdpwr.n708                        1.61992
xdut.vdpwr.n889                        1.61992
xdut.vdpwr.n895                        1.61992
xdut.vdpwr.n897                        1.61992
xdut.vgnd.n40                      0.000173909
xdut.vgnd.n3                       0.000174854
xdut.vgnd.n48                      0.000175006
xdut.vgnd.n12                      9.13552e-05
xdut.vgnd.n0                       0.000145733
xdut.vgnd.n10                      7.05876e-05
xdut.vgnd.n9                         4.505e-05
xdut.vgnd.n7                         4.505e-05
xdut.vgnd.n5                         4.505e-05
vforce#branch                       1.2199e-12
vs#branch                                    0
vl#branch                                    0
vh#branch                                    0
vlo#branch                         1.22002e-12
vhi#branch                        -1.79989e-13
vdd#branch                        -6.38679e-06

 Reference value :  0.00000e+00 Reference value :  1.40691e-05
No. of Data Rows : 1034
ngspice-46 done
